// Jest Snapshot v1, https://goo.gl/fbAQLP

exports[`Card should match the snapshot 1`] = `
ShallowWrapper {
  Symbol(enzyme.__root__): [Circular],
  Symbol(enzyme.__unrendered__): <CardModal
    addIngredients={[MockFunction]}
    recipe={
      Object {
        "dietLabel": Array [
          "Low Carb",
        ],
        "ingredients": Array [
          "chicken",
          "beef",
        ],
        "name": "chicken pasta",
        "url": "chicken.com",
      }
    }
  />,
  Symbol(enzyme.__renderer__): Object {
    "batchedUpdates": [Function],
    "getNode": [Function],
    "render": [Function],
    "simulateError": [Function],
    "simulateEvent": [Function],
    "unmount": [Function],
  },
  Symbol(enzyme.__node__): Object {
    "instance": null,
    "key": undefined,
    "nodeType": "host",
    "props": Object {
      "children": Array [
        <h2
          className="expanded-title"
        >
          chicken pasta
        </h2>,
        <div
          className="expanded-info"
        >
          <h3>
            Serves: 
          </h3>
          <h3>
            Calories per Serving: 
          </h3>
          <h3>
            Source: 
          </h3>
        </div>,
        <div
          className="ingredients"
        >
          <h2
            className="ingredients-title"
          >
            Ingredients
          </h2>
          <ul>
            <li>
              chicken
            </li>
            <li>
              beef
            </li>
          </ul>
        </div>,
        <div
          className="link"
        >
          <button
            className="add-btn"
            onClick={[Function]}
            type="button"
          >
            Add Ingredients to shopping List +
          </button>
          <a
            href="chicken.com"
            rel="noopener noreferrer"
            target="_blank"
          >
            Go To Full Recipe
            <i
              className="fas fa-angle-double-right"
            />
          </a>
        </div>,
      ],
      "className": "expanded-card",
    },
    "ref": null,
    "rendered": Array [
      Object {
        "instance": null,
        "key": undefined,
        "nodeType": "host",
        "props": Object {
          "children": "chicken pasta",
          "className": "expanded-title",
        },
        "ref": null,
        "rendered": "chicken pasta",
        "type": "h2",
      },
      Object {
        "instance": null,
        "key": undefined,
        "nodeType": "host",
        "props": Object {
          "children": Array [
            <h3>
              Serves: 
            </h3>,
            <h3>
              Calories per Serving: 
            </h3>,
            <h3>
              Source: 
            </h3>,
          ],
          "className": "expanded-info",
        },
        "ref": null,
        "rendered": Array [
          Object {
            "instance": null,
            "key": undefined,
            "nodeType": "host",
            "props": Object {
              "children": Array [
                "Serves: ",
                undefined,
              ],
            },
            "ref": null,
            "rendered": Array [
              "Serves: ",
              undefined,
            ],
            "type": "h3",
          },
          Object {
            "instance": null,
            "key": undefined,
            "nodeType": "host",
            "props": Object {
              "children": Array [
                "Calories per Serving: ",
                undefined,
              ],
            },
            "ref": null,
            "rendered": Array [
              "Calories per Serving: ",
              undefined,
            ],
            "type": "h3",
          },
          Object {
            "instance": null,
            "key": undefined,
            "nodeType": "host",
            "props": Object {
              "children": Array [
                "Source: ",
                undefined,
              ],
            },
            "ref": null,
            "rendered": Array [
              "Source: ",
              undefined,
            ],
            "type": "h3",
          },
        ],
        "type": "div",
      },
      Object {
        "instance": null,
        "key": undefined,
        "nodeType": "host",
        "props": Object {
          "children": Array [
            <h2
              className="ingredients-title"
            >
              Ingredients
            </h2>,
            <ul>
              <li>
                chicken
              </li>
              <li>
                beef
              </li>
            </ul>,
          ],
          "className": "ingredients",
        },
        "ref": null,
        "rendered": Array [
          Object {
            "instance": null,
            "key": undefined,
            "nodeType": "host",
            "props": Object {
              "children": "Ingredients",
              "className": "ingredients-title",
            },
            "ref": null,
            "rendered": "Ingredients",
            "type": "h2",
          },
          Object {
            "instance": null,
            "key": undefined,
            "nodeType": "host",
            "props": Object {
              "children": Array [
                <li>
                  chicken
                </li>,
                <li>
                  beef
                </li>,
              ],
            },
            "ref": null,
            "rendered": Array [
              Object {
                "instance": null,
                "key": "chicken",
                "nodeType": "host",
                "props": Object {
                  "children": "chicken",
                },
                "ref": null,
                "rendered": "chicken",
                "type": "li",
              },
              Object {
                "instance": null,
                "key": "beef",
                "nodeType": "host",
                "props": Object {
                  "children": "beef",
                },
                "ref": null,
                "rendered": "beef",
                "type": "li",
              },
            ],
            "type": "ul",
          },
        ],
        "type": "div",
      },
      Object {
        "instance": null,
        "key": undefined,
        "nodeType": "host",
        "props": Object {
          "children": Array [
            <button
              className="add-btn"
              onClick={[Function]}
              type="button"
            >
              Add Ingredients to shopping List +
            </button>,
            <a
              href="chicken.com"
              rel="noopener noreferrer"
              target="_blank"
            >
              Go To Full Recipe
              <i
                className="fas fa-angle-double-right"
              />
            </a>,
          ],
          "className": "link",
        },
        "ref": null,
        "rendered": Array [
          Object {
            "instance": null,
            "key": undefined,
            "nodeType": "host",
            "props": Object {
              "children": "Add Ingredients to shopping List +",
              "className": "add-btn",
              "onClick": [Function],
              "type": "button",
            },
            "ref": null,
            "rendered": "Add Ingredients to shopping List +",
            "type": "button",
          },
          Object {
            "instance": null,
            "key": undefined,
            "nodeType": "host",
            "props": Object {
              "children": Array [
                "Go To Full Recipe",
                <i
                  className="fas fa-angle-double-right"
                />,
              ],
              "href": "chicken.com",
              "rel": "noopener noreferrer",
              "target": "_blank",
            },
            "ref": null,
            "rendered": Array [
              "Go To Full Recipe",
              Object {
                "instance": null,
                "key": undefined,
                "nodeType": "host",
                "props": Object {
                  "className": "fas fa-angle-double-right",
                },
                "ref": null,
                "rendered": null,
                "type": "i",
              },
            ],
            "type": "a",
          },
        ],
        "type": "div",
      },
    ],
    "type": "div",
  },
  Symbol(enzyme.__nodes__): Array [
    Object {
      "instance": null,
      "key": undefined,
      "nodeType": "host",
      "props": Object {
        "children": Array [
          <h2
            className="expanded-title"
          >
            chicken pasta
          </h2>,
          <div
            className="expanded-info"
          >
            <h3>
              Serves: 
            </h3>
            <h3>
              Calories per Serving: 
            </h3>
            <h3>
              Source: 
            </h3>
          </div>,
          <div
            className="ingredients"
          >
            <h2
              className="ingredients-title"
            >
              Ingredients
            </h2>
            <ul>
              <li>
                chicken
              </li>
              <li>
                beef
              </li>
            </ul>
          </div>,
          <div
            className="link"
          >
            <button
              className="add-btn"
              onClick={[Function]}
              type="button"
            >
              Add Ingredients to shopping List +
            </button>
            <a
              href="chicken.com"
              rel="noopener noreferrer"
              target="_blank"
            >
              Go To Full Recipe
              <i
                className="fas fa-angle-double-right"
              />
            </a>
          </div>,
        ],
        "className": "expanded-card",
      },
      "ref": null,
      "rendered": Array [
        Object {
          "instance": null,
          "key": undefined,
          "nodeType": "host",
          "props": Object {
            "children": "chicken pasta",
            "className": "expanded-title",
          },
          "ref": null,
          "rendered": "chicken pasta",
          "type": "h2",
        },
        Object {
          "instance": null,
          "key": undefined,
          "nodeType": "host",
          "props": Object {
            "children": Array [
              <h3>
                Serves: 
              </h3>,
              <h3>
                Calories per Serving: 
              </h3>,
              <h3>
                Source: 
              </h3>,
            ],
            "className": "expanded-info",
          },
          "ref": null,
          "rendered": Array [
            Object {
              "instance": null,
              "key": undefined,
              "nodeType": "host",
              "props": Object {
                "children": Array [
                  "Serves: ",
                  undefined,
                ],
              },
              "ref": null,
              "rendered": Array [
                "Serves: ",
                undefined,
              ],
              "type": "h3",
            },
            Object {
              "instance": null,
              "key": undefined,
              "nodeType": "host",
              "props": Object {
                "children": Array [
                  "Calories per Serving: ",
                  undefined,
                ],
              },
              "ref": null,
              "rendered": Array [
                "Calories per Serving: ",
                undefined,
              ],
              "type": "h3",
            },
            Object {
              "instance": null,
              "key": undefined,
              "nodeType": "host",
              "props": Object {
                "children": Array [
                  "Source: ",
                  undefined,
                ],
              },
              "ref": null,
              "rendered": Array [
                "Source: ",
                undefined,
              ],
              "type": "h3",
            },
          ],
          "type": "div",
        },
        Object {
          "instance": null,
          "key": undefined,
          "nodeType": "host",
          "props": Object {
            "children": Array [
              <h2
                className="ingredients-title"
              >
                Ingredients
              </h2>,
              <ul>
                <li>
                  chicken
                </li>
                <li>
                  beef
                </li>
              </ul>,
            ],
            "className": "ingredients",
          },
          "ref": null,
          "rendered": Array [
            Object {
              "instance": null,
              "key": undefined,
              "nodeType": "host",
              "props": Object {
                "children": "Ingredients",
                "className": "ingredients-title",
              },
              "ref": null,
              "rendered": "Ingredients",
              "type": "h2",
            },
            Object {
              "instance": null,
              "key": undefined,
              "nodeType": "host",
              "props": Object {
                "children": Array [
                  <li>
                    chicken
                  </li>,
                  <li>
                    beef
                  </li>,
                ],
              },
              "ref": null,
              "rendered": Array [
                Object {
                  "instance": null,
                  "key": "chicken",
                  "nodeType": "host",
                  "props": Object {
                    "children": "chicken",
                  },
                  "ref": null,
                  "rendered": "chicken",
                  "type": "li",
                },
                Object {
                  "instance": null,
                  "key": "beef",
                  "nodeType": "host",
                  "props": Object {
                    "children": "beef",
                  },
                  "ref": null,
                  "rendered": "beef",
                  "type": "li",
                },
              ],
              "type": "ul",
            },
          ],
          "type": "div",
        },
        Object {
          "instance": null,
          "key": undefined,
          "nodeType": "host",
          "props": Object {
            "children": Array [
              <button
                className="add-btn"
                onClick={[Function]}
                type="button"
              >
                Add Ingredients to shopping List +
              </button>,
              <a
                href="chicken.com"
                rel="noopener noreferrer"
                target="_blank"
              >
                Go To Full Recipe
                <i
                  className="fas fa-angle-double-right"
                />
              </a>,
            ],
            "className": "link",
          },
          "ref": null,
          "rendered": Array [
            Object {
              "instance": null,
              "key": undefined,
              "nodeType": "host",
              "props": Object {
                "children": "Add Ingredients to shopping List +",
                "className": "add-btn",
                "onClick": [Function],
                "type": "button",
              },
              "ref": null,
              "rendered": "Add Ingredients to shopping List +",
              "type": "button",
            },
            Object {
              "instance": null,
              "key": undefined,
              "nodeType": "host",
              "props": Object {
                "children": Array [
                  "Go To Full Recipe",
                  <i
                    className="fas fa-angle-double-right"
                  />,
                ],
                "href": "chicken.com",
                "rel": "noopener noreferrer",
                "target": "_blank",
              },
              "ref": null,
              "rendered": Array [
                "Go To Full Recipe",
                Object {
                  "instance": null,
                  "key": undefined,
                  "nodeType": "host",
                  "props": Object {
                    "className": "fas fa-angle-double-right",
                  },
                  "ref": null,
                  "rendered": null,
                  "type": "i",
                },
              ],
              "type": "a",
            },
          ],
          "type": "div",
        },
      ],
      "type": "div",
    },
  ],
  Symbol(enzyme.__options__): Object {
    "adapter": ReactSixteenAdapter {
      "options": Object {
        "enableComponentDidUpdateOnSetState": true,
        "lifecycles": Object {
          "componentDidUpdate": Object {
            "onSetState": true,
          },
          "getDerivedStateFromProps": true,
          "getSnapshotBeforeUpdate": true,
          "setState": Object {
            "skipsComponentDidUpdateOnNullish": true,
          },
        },
      },
    },
  },
}
`;
